[0.032s] Invoking command in '/home/vupadhye/git_repo/husky_gps_follower/build/clearpath_mounts_description': /usr/bin/cmake /home/vupadhye/git_repo/husky_gps_follower/src/clearpath_common/clearpath_mounts_description -DCMAKE_INSTALL_PREFIX=/home/vupadhye/git_repo/husky_gps_follower/install/clearpath_mounts_description
[0.065s] -- Found ament_cmake: 1.3.10 (/opt/ros/humble/share/ament_cmake/cmake)
[0.174s] -- Found Python3: /usr/bin/python3 (found version "3.10.12") found components: Interpreter 
[0.271s] Error parsing '/home/vupadhye/git_repo/husky_gps_follower/src/clearpath_common/clearpath_mounts_description/package.xml':
[0.299s] Traceback (most recent call last):
[0.300s]   File "/home/vupadhye/.local/lib/python3.10/site-packages/catkin_pkg/package.py", line 610, in parse_package_string
[0.300s]     root = dom.parseString(data)
[0.300s]   File "/usr/lib/python3.10/xml/dom/minidom.py", line 2000, in parseString
[0.300s]     return expatbuilder.parseString(string)
[0.300s]   File "/usr/lib/python3.10/xml/dom/expatbuilder.py", line 925, in parseString
[0.300s]     return builder.parseString(string)
[0.300s]   File "/usr/lib/python3.10/xml/dom/expatbuilder.py", line 223, in parseString
[0.300s]     parser.Parse(string, True)
[0.300s] xml.parsers.expat.ExpatError: no element found: line 1, column 0
[0.300s] 
[0.301s] During handling of the above exception, another exception occurred:
[0.301s] 
[0.301s] Traceback (most recent call last):
[0.301s]   File "/opt/ros/humble/share/ament_cmake_core/cmake/core/package_xml_2_cmake.py", line 150, in <module>
[0.301s]     main()
[0.301s]   File "/opt/ros/humble/share/ament_cmake_core/cmake/core/package_xml_2_cmake.py", line 53, in main
[0.301s]     raise e
[0.301s]   File "/opt/ros/humble/share/ament_cmake_core/cmake/core/package_xml_2_cmake.py", line 49, in main
[0.301s]     package = parse_package_string(
[0.301s]   File "/home/vupadhye/.local/lib/python3.10/site-packages/catkin_pkg/package.py", line 612, in parse_package_string
[0.301s]     raise InvalidPackage('The manifest contains invalid XML:\n%s' % ex, filename)
[0.301s] catkin_pkg.package.InvalidPackage: Error(s) in package '/home/vupadhye/git_repo/husky_gps_follower/src/clearpath_common/clearpath_mounts_description/package.xml':
[0.301s] The manifest contains invalid XML:
[0.301s] no element found: line 1, column 0
[0.310s] [31mCMake Error at /opt/ros/humble/share/ament_cmake_core/cmake/core/ament_package_xml.cmake:95 (message):
[0.310s]   execute_process(/usr/bin/python3
[0.310s]   /opt/ros/humble/share/ament_cmake_core/cmake/core/package_xml_2_cmake.py
[0.310s]   /home/vupadhye/git_repo/husky_gps_follower/src/clearpath_common/clearpath_mounts_description/package.xml
[0.311s]   /home/vupadhye/git_repo/husky_gps_follower/build/clearpath_mounts_description/ament_cmake_core/package.cmake)
[0.311s]   returned error code 1
[0.311s] Call Stack (most recent call first):
[0.311s]   /opt/ros/humble/share/ament_cmake_core/cmake/core/ament_package_xml.cmake:49 (_ament_package_xml)
[0.311s]   /opt/ros/humble/share/ament_cmake_core/cmake/core/ament_package.cmake:63 (ament_package_xml)
[0.311s]   CMakeLists.txt:11 (ament_package)
[0.311s] 
[0.311s] [0m
[0.311s] -- Configuring incomplete, errors occurred!
[0.311s] See also "/home/vupadhye/git_repo/husky_gps_follower/build/clearpath_mounts_description/CMakeFiles/CMakeOutput.log".
[0.313s] Invoked command in '/home/vupadhye/git_repo/husky_gps_follower/build/clearpath_mounts_description' returned '1': /usr/bin/cmake /home/vupadhye/git_repo/husky_gps_follower/src/clearpath_common/clearpath_mounts_description -DCMAKE_INSTALL_PREFIX=/home/vupadhye/git_repo/husky_gps_follower/install/clearpath_mounts_description
